[backblue.gif]
[fade.gif]
[index.html]
[daily.gate.vn/index.html]
[daily.gate.vn/home/index.html]
[daily.gate.vn/Skin/css/bootstrap.min.css]
[daily.gate.vn/Skin/css/bootstrap-datepicker.min.css]
[daily.gate.vn/Skin/css/bootstrap-dialog.min.css]
[daily.gate.vn/Skin/css/style.css]
[daily.gate.vn/Skin/js/jquery.min.js]
[daily.gate.vn/Skin/images/loader-64x/Preloader_3.gif]
[daily.gate.vn/Skin/images/icon-login.png]
[daily.gate.vn/Skin/images/logo.png]
[daily.gate.vn/Skin/images/login-icon.png]
[daily.gate.vn/Skin/images/add-icon.png]
[daily.gate.vn/dang-ky/index.html]
[daily.gate.vn/chinh-sach/index.html]
[daily.gate.vn/huong-dan/huong-dan-nap-tien-mat-unc/index.html]
[daily.gate.vn/Images/Upload/2016/6/20/1/Gate_245X340.png]
[daily.gate.vn/dia-diem-giao-dich/index.html]
[daily.gate.vn/Images/Upload/2016/8/5/0/2.png]
[daily.gate.vn/gioi-thieu/index.html]
[daily.gate.vn/Skin/images/icon1.png]
[daily.gate.vn/Skin/images/icon2.png]
[daily.gate.vn/dich-vu-thanh-toan/huong-dan-ket-noi-gach-the/index.html]
[daily.gate.vn/Skin/images/icon6.png]
[daily.gate.vn/nap-dien-thoai/nap-viettel/index.html]
[daily.gate.vn/Skin/images/icon8.png]
[daily.gate.vn/the-game-online/the-gate/index.html]
[daily.gate.vn/Skin/images/icon3.png]
[daily.gate.vn/the-dien-thoai/the-viettel/index.html]
[daily.gate.vn/Skin/images/icon5.png]
[daily.gate.vn/nap-game-online/index.html]
[daily.gate.vn/Skin/images/icon9.png]
[daily.gate.vn/dich-vu-thanh-toan/cuoc-di-dong-tra-sau/index.html]
[daily.gate.vn/Skin/images/icon4.png]
[daily.gate.vn/chuyen-tien-sim-da-nang/nap-anypay/index.html]
[daily.gate.vn/Skin/images/logo-dt/dt_1.jpg]
[daily.gate.vn/Skin/images/logo-dt/dt_2.jpg]
[daily.gate.vn/Skin/images/logo-dt/dt_3.jpg]
[daily.gate.vn/Skin/images/logo-dt/dt_4.jpg]
[daily.gate.vn/Skin/images/logo-dt/dt_5.jpg]
[daily.gate.vn/Skin/images/logo-dt/dt_6.jpg]
[daily.gate.vn/Skin/images/logo-dt/dt_7.jpg]
[daily.gate.vn/Skin/images/logo-dt/dt_8.jpg]
[daily.gate.vn/Skin/images/logo-dt/dt_9.jpg]
[daily.gate.vn/Skin/images/logo-dt/dt_10.jpg]
[daily.gate.vn/Skin/images/banks/vietcom.jpg]
[daily.gate.vn/Skin/images/banks/techcom.jpg]
[daily.gate.vn/Skin/images/banks/vib.jpg]
[daily.gate.vn/Skin/images/banks/exim.jpg]
[daily.gate.vn/Skin/images/banks/ocb.jpg]
[daily.gate.vn/Skin/images/banks/tp.jpg]
[daily.gate.vn/Skin/images/banks/maritime.jpg]
[daily.gate.vn/Skin/images/banks/vietin.jpg]
[daily.gate.vn/Skin/images/banks/acb.jpg]
[daily.gate.vn/Skin/images/banks/sacom.jpg]
[daily.gate.vn/dieu-khoan-su-dung/index.html]
[daily.gate.vn/Skin/images/facebook-footer.png]
[daily.gate.vn/chinh-sach-bao-mat/index.html]
[daily.gate.vn/Skin/images/google-plus-logo.png]
[daily.gate.vn/Skin/control/Login.js]
[daily.gate.vn/quen-mat-khau/index.html]
[daily.gate.vn/Skin/js/bootstrap.min.js]
[daily.gate.vn/Skin/js/bootstrap-datepicker.min.js]
[daily.gate.vn/Skin/master_page/masterpage.master.js]
[daily.gate.vn/Skin/master_page/menuindex.js]
[daily.gate.vn/json/home.js]
[daily.gate.vn/Skin/js/bootstrap-dialog.min.js]
[daily.gate.vn/Skin/js/function.js]
[daily.gate.vn/Skin/js/util.js]
[daily.gate.vn/Skin/js/jquery.nicescroll.min.js]
[daily.gate.vn/Skin/js/jquery.xdomainajax.js]
[daily.gate.vn/Skin/js/jquery.carouFredSel-6.2.1-packed.js]
[daily.gate.vn/Skin/js/slideshow.js]
[www.google-analytics.com/analytics.js]
[daily.gate.vn/home/index.html]
[daily.gate.vn/Skin/fonts/glyphicons-halflings-regular.eot]
[daily.gate.vn/Skin/fonts/glyphicons-halflings-regulard41d.eot]
[daily.gate.vn/Skin/Fonts/fonts/glyphicons-halflings-regular.woff2]
[daily.gate.vn/Skin/Fonts/fonts/glyphicons-halflings-regular.woff]
[daily.gate.vn/Skin/fonts/glyphicons-halflings-regular.ttf]
[daily.gate.vn/Skin/css/bootstrap.min.css]
[daily.gate.vn/Skin/css/bootstrap-datepicker.min.css]
[daily.gate.vn/Skin/css/bootstrap-dialog.min.css]
[daily.gate.vn/Skin/fonts/css/font-awesome.min.css]
[daily.gate.vn/Skin/images/sprite-fixed-support.png]
[daily.gate.vn/Skin/images/sprite-account-info.png]
[daily.gate.vn/Skin/images/sprite2.png]
[daily.gate.vn/Skin/images/bill.png]
[daily.gate.vn/Skin/images/bill-white.png]
[daily.gate.vn/Skin/images/sprite3.png]
[daily.gate.vn/Skin/images/buy-cart.png]
[daily.gate.vn/Skin/images/buy-cart-white.png]
[daily.gate.vn/Skin/images/new-icon.png]
[daily.gate.vn/Skin/images/circle-bg.png]
[daily.gate.vn/Skin/images/icon-hint2.png]
[daily.gate.vn/Skin/images/icon-checkin.png]
[daily.gate.vn/Skin/images/icon-calendar.png]
[daily.gate.vn/Skin/images/icon-excel.png]
[daily.gate.vn/Skin/images/icon-pdf.png]
[daily.gate.vn/Skin/images/icon-txt.png]
[daily.gate.vn/Skin/fonts/Roboto-Regular.ttf]
[daily.gate.vn/Skin/fonts/Roboto-Bold.ttf]
[daily.gate.vn/Skin/fonts/Roboto-Medium.ttf]
[daily.gate.vn/Skin/fonts/Roboto-Light.ttf]
[daily.gate.vn/Skin/images/ico-radio.png]
[daily.gate.vn/Skin/images/ico-radio-active.png]
[daily.gate.vn/Skin/images/icon-phone.png]
[daily.gate.vn/Skin/images/icon-pass.png]
[daily.gate.vn/Skin/images/icon-hotline.png]
[daily.gate.vn/Skin/images/step1-hover.png]
[daily.gate.vn/Skin/images/step2-hover.png]
[daily.gate.vn/Skin/images/step3-hover.png]
[daily.gate.vn/Skin/images/step1.png]
[daily.gate.vn/Skin/images/step2.png]
[daily.gate.vn/Skin/images/step3.png]
[daily.gate.vn/Skin/images/icon-user.png]
[daily.gate.vn/Skin/images/icon-id.png]
[daily.gate.vn/Skin/images/icon-email.png]
[daily.gate.vn/Skin/images/icon-home.png]
[daily.gate.vn/Skin/images/icon-temple.png]
[daily.gate.vn/Skin/images/warning-sign.png]
[daily.gate.vn/Skin/images/icon-checked.png]
[daily.gate.vn/Skin/images/nav-first-bg.png]
[daily.gate.vn/Skin/images/nav-first-bg-active.png]
[daily.gate.vn/Skin/images/nav-last-bg.png]
[daily.gate.vn/Skin/images/nav-last-bg-active.png]
[daily.gate.vn/Skin/images/cskh.png]
[daily.gate.vn/Skin/images/icon_top.png]
[daily.gate.vn/Skin/images/new_bg_btn_1.png]
[daily.gate.vn/Skin/images/new_bg_btn_2.png]
[daily.gate.vn/Skin/images/new_bg_btn_3.png]
[daily.gate.vn/Skin/images/menu_account_icon_1.png]
[daily.gate.vn/Skin/images/menu_account_icon_2.png]
[daily.gate.vn/Skin/images/menu_account_icon_3.png]
[daily.gate.vn/Skin/images/icon10.png]
[daily.gate.vn/Skin/css/style.css]
[daily.gate.vn/Skin/js/jquery.min.js]
[daily.gate.vn/Skin/images/logo-w.png]
[daily.gate.vn/login/index.html]
[daily.gate.vn/home/register/default.js]
[daily.gate.vn/dang-ky/index.html]
[daily.gate.vn/Skin/images/icon-gate.png]
[daily.gate.vn/phan-phoi-game/index.html]
[daily.gate.vn/Skin/images/icon-zing.png]
[daily.gate.vn/the-game-online/the-zing-xu/index.html]
[daily.gate.vn/Skin/images/icon-vcoin.png]
[daily.gate.vn/the-game-online/the-vcoin/index.html]
[daily.gate.vn/Skin/images/icon-oncash.png]
[daily.gate.vn/the-game-online/the-ongame/index.html]
[daily.gate.vn/Skin/images/icon-garena.png]
[daily.gate.vn/the-game-online/the-garena/index.html]
[daily.gate.vn/Skin/images/Logo_Mobile/viettel.png]
[daily.gate.vn/Skin/images/Logo_Mobile/mobifone.png]
[daily.gate.vn/the-dien-thoai/the-mobi/index.html]
[daily.gate.vn/Skin/images/Logo_Mobile/vinaphone.png]
[daily.gate.vn/the-dien-thoai/the-vina/index.html]
[daily.gate.vn/Skin/images/Logo_Mobile/vietnam.png]
[daily.gate.vn/the-dien-thoai/the-vietnammobile/index.html]
[daily.gate.vn/Skin/images/Logo_Mobile/gmobile.png]
[daily.gate.vn/the-dien-thoai/the-gmobile/index.html]
[daily.gate.vn/Skin/images/icon-other.png]
[daily.gate.vn/the-dien-thoai/mua-nhieu-loai-the-cao/index.html]
[daily.gate.vn/nap-dien-thoai-tra-truoc/index.html]
[daily.gate.vn/Skin/images/Logo_Mobile/icon-gate.jpg]
[daily.gate.vn/nap-dien-thoai/tra-truoc-nhieu-so/index.html]
[daily.gate.vn/nap-game-online/nap-gate/index.html]
[daily.gate.vn/Skin/images/Logo_Mobile/icon-zing.jpg]
[daily.gate.vn/nap-game-online/nap-zingxu/index.html]
[daily.gate.vn/Skin/images/Logo_Mobile/icon-ongate.jpg]
[daily.gate.vn/nap-game-online/nap-ongate/index.html]
[daily.gate.vn/Skin/images/Logo_Mobile/icon-ongame.jpg]
[daily.gate.vn/nap-game-online/nap-ongame/index.html]
[daily.gate.vn/Skin/images/Logo_Mobile/icon-sim.png]
[daily.gate.vn/Skin/master_page/product.master.js]
[daily.gate.vn/chuyen-tien-sim-da-nang/nap-mload/index.html]
[daily.gate.vn/chuyen-tien-sim-da-nang/nap-eload/index.html]
[daily.gate.vn/chuyen-tien-sim-da-nang/nap-mlpay/index.html]
[daily.gate.vn/chuyen-tien-sim-da-nang/nap-ezpay/index.html]
[daily.gate.vn/gioi-thieu/index.html]
[daily.gate.vn/Skin/js/menuleft681a.js]
[daily.gate.vn/Skin/images/Logos/Gate.jpg]
[daily.gate.vn/Skin/images/Logos/Zing.png]
[daily.gate.vn/Skin/images/Logos/vcoin.png]
[daily.gate.vn/Skin/images/Logos/ongame.png]
[daily.gate.vn/Skin/images/Logos/garena.png]
[daily.gate.vn/Skin/master_page/policy.master.js]
[daily.gate.vn/chinh-sach/index.html]
[daily.gate.vn/dia-diem-giao-dich/index.html]
[daily.gate.vn/Skin/images/sprite_new_icon_1.png]
[daily.gate.vn/Skin/images/sprite_new_icon_2.png]
[daily.gate.vn/huong-dan/phan-phoi/meo-kinh-doanh/index.html]
[daily.gate.vn/huong-dan/huong-dan-chuyen-tien-mat-atm/index.html]
[daily.gate.vn/huong-dan/huong-dan-nap-tien-internet-banking/index.html]
[daily.gate.vn/Skin/images/sprite_new_icon_3.png]
[daily.gate.vn/Skin/images/sprite_new_icon_4.png]
[daily.gate.vn/huong-dan/tai-khoan/lay-lai-mat-khau/index.html]
[daily.gate.vn/huong-dan/tai-khoan/doi-mat-khau/index.html]
[daily.gate.vn/huong-dan/phan-phoi/cau-hoi-thuong-gap/index.html]
[dailyv2.gate.vn/Skin/images/img-mb.jpg]
[dailyv2.gate.vn/Skin/images/img-vietinbank.jpg]
[dailyv2.gate.vn/Skin/images/img-maritimebank.jpg]
[dailyv2.gate.vn/Skin/images/img-vietcombank.jpg]
[dailyv2.gate.vn/Skin/images/img-tpbank.jpg]
[dailyv2.gate.vn/Skin/images/huongdan/img4.png]
[daily.gate.vn/Skin/master_page/help.master.js]
[daily.gate.vn/huong-dan/huong-dan-nap-tien-mat-unc/index.html]
[daily.gate.vn/Images/Upload/2018/8/31/0/0209_NghiLe 245x340.html]
[daily.gate.vn/Images/Upload/2018/7/31/0/245x340.html]
[daily.gate.vn/nap-ggold/nap-bang-the-cao/34/index.html]
[daily.gate.vn/nap-ggold/thong-bao-nap-tien/index.html]
[daily.gate.vn/login/index2168.html]
[daily.gate.vn/dich-vu-thanh-toan/huong-dan-ket-noi-gach-the/index.html]
[daily.gate.vn/Skin/images/Logos/451.jpg]
[daily.gate.vn/login/index7a86.html]
[daily.gate.vn/Skin/images/Logos/58.jpg]
[daily.gate.vn/Skin/images/Logos/59.jpg]
[daily.gate.vn/Skin/images/Logos/60.jpg]
[daily.gate.vn/Skin/images/Logos/61.jpg]
[daily.gate.vn/Skin/images/Logos/62.jpg]
[daily.gate.vn/Skin/images/Logos/63.jpg]
[daily.gate.vn/Skin/images/Logos/220.jpg]
[daily.gate.vn/Skin/images/Logos/221.jpg]
[daily.gate.vn/Skin/images/Logos/gate_10tr.png]
[daily.gate.vn/home/cardgame/default.js]
[daily.gate.vn/the-game-online/the-gate/index.html]
[daily.gate.vn/home/rechargemobile/default.js]
[daily.gate.vn/nap-dien-thoai/nap-viettel/index.html]
[daily.gate.vn/Skin/images/Logos/card-viettel.jpg]
[daily.gate.vn/home/cardmobile/default.js]
[daily.gate.vn/the-dien-thoai/the-viettel/index.html]
[daily.gate.vn/Skin/images/Logos/ZingXu.jpg]
[daily.gate.vn/Skin/images/Logos/logoOnGame.png]
[daily.gate.vn/Skin/images/Logos/logoOnGate.png]
[daily.gate.vn/home/rechargegame/default.js]
[daily.gate.vn/nap-game-online/index.html]
[daily.gate.vn/skin/images/logos/large-mobifone.png]
[daily.gate.vn/Skin/images/Logos/Viettel.jpg]
[daily.gate.vn/home/rechargepostpaid/default.js]
[daily.gate.vn/dich-vu-thanh-toan/cuoc-di-dong-tra-sau/index.html]
[daily.gate.vn/home/payment/default.js]
[daily.gate.vn/chuyen-tien-sim-da-nang/nap-anypay/index.html]
[daily.gate.vn/dieu-khoan-su-dung/index.html]
[daily.gate.vn/chinh-sach-bao-mat/index.html]
[daily.gate.vn/home/javascript.html]
[daily.gate.vn/home/chuyentien-confirm.html]
[daily.gate.vn/Skin/images/icon11.png]
[daily.gate.vn/Skin/images/icon12.png]
[daily.gate.vn/quen-mat-khau/index.html]
[daily.gate.vn/Skin/control/Login.js]
[daily.gate.vn/Skin/js/bootstrap.min.js]
[daily.gate.vn/Skin/js/bootstrap-datepicker.min.js]
[daily.gate.vn/Skin/master_page/masterpage.master.js]
[daily.gate.vn/Skin/master_page/menuindex.js]
[daily.gate.vn/json/home.js]
[daily.gate.vn/Skin/js/bootstrap-dialog.min.js]
[daily.gate.vn/Skin/js/function.js]
[daily.gate.vn/home/policy/index.html]
[daily.gate.vn/Skin/js/util.js]
[daily.gate.vn/Skin/js/jquery.nicescroll.min.js]
[daily.gate.vn/Skin/js/jquery.xdomainajax.js]
[daily.gate.vn/Skin/js/jquery.carouFredSel-6.2.1-packed.js]
[daily.gate.vn/Skin/js/slideshow.js]
[daily.gate.vn/Skin/fonts/glyphicons-halflings-regular.html]
[daily.gate.vn/home/policy/index3f7b.html]
[daily.gate.vn/Skin/fonts/fonts/fontawesome-webfont93e3.eot]
[daily.gate.vn/Skin/fonts/fonts/fontawesome-webfontd41d.eot]
[daily.gate.vn/Skin/fonts/fonts/fontawesome-webfont93e3.woff2]
[daily.gate.vn/Skin/fonts/fonts/fontawesome-webfont93e3.woff]
[daily.gate.vn/Skin/fonts/fonts/fontawesome-webfont93e3.ttf]
[daily.gate.vn/Skin/fonts/css/font-awesome.min.css]
[daily.gate.vn/login/default.js]
[daily.gate.vn/login/index.html]
[daily.gate.vn/nap-ggold/index.html]
[daily.gate.vn/home/register/default.js]
[daily.gate.vn/home/distribution/default.js]
[daily.gate.vn/login/index41cb.html]
[connect.facebook.net/vi_VN/sdk.js]
[daily.gate.vn/phan-phoi-game/index.html]
[daily.gate.vn/Skin/images/Logos/card-zing.jpg]
[daily.gate.vn/the-game-online/the-zing-xu/index.html]
[daily.gate.vn/Skin/images/Logos/card-vcoin.jpg]
[daily.gate.vn/the-game-online/the-vcoin/index.html]
[daily.gate.vn/Skin/images/Logos/card-oncash.jpg]
[daily.gate.vn/the-game-online/the-ongame/index.html]
[daily.gate.vn/Skin/images/Logos/card-garena.jpg]
[daily.gate.vn/the-game-online/the-garena/index.html]
[daily.gate.vn/Skin/images/Logos/card-mobifone.jpg]
[daily.gate.vn/the-dien-thoai/the-mobi/index.html]
[daily.gate.vn/Skin/images/Logos/card-vinaphone.jpg]
[daily.gate.vn/the-dien-thoai/the-vina/index.html]
[daily.gate.vn/Skin/images/Logos/card-vietnamobile.jpg]
[daily.gate.vn/the-dien-thoai/the-vietnammobile/index.html]
[daily.gate.vn/Skin/images/Logos/card-gmobile.jpg]
[daily.gate.vn/the-dien-thoai/the-gmobile/index.html]
[daily.gate.vn/Skin/images/Logos/Mobifone.jpg]
[daily.gate.vn/Skin/images/Logos/Vinaphone.gif]
[daily.gate.vn/Skin/images/Logos/BeeLine.png]
[daily.gate.vn/Skin/images/PartnerLogo/vietnamobile.jpg]
[daily.gate.vn/home/Multi/card.js]
[daily.gate.vn/the-dien-thoai/mua-nhieu-loai-the-cao/index.html]
[daily.gate.vn/nap-dien-thoai-tra-truoc/index.html]
[daily.gate.vn/nap-dien-thoai/tra-truoc-nhieu-so/file-mau/index.html]
[daily.gate.vn/nap-dien-thoai/tra-truoc-nhieu-so/index.html]
[daily.gate.vn/nap-game-online/nap-gate/index.html]
[daily.gate.vn/nap-game-online/nap-zingxu/index.html]
[daily.gate.vn/nap-game-online/nap-ongate/index.html]
[daily.gate.vn/nap-game-online/nap-ongame/index.html]
[daily.gate.vn/chuyen-tien-sim-da-nang/nap-mload/index.html]
[daily.gate.vn/chuyen-tien-sim-da-nang/nap-eload/index.html]
[daily.gate.vn/chuyen-tien-sim-da-nang/nap-ezpay/index.html]
[daily.gate.vn/chuyen-tien-sim-da-nang/nap-mlpay/index.html]
[daily.gate.vn/Skin/master_page/product.master.js]
[daily.gate.vn/gioi-thieu/javascript.html]
[daily.gate.vn/gioi-thieu/chuyentien-confirm.html]
[daily.gate.vn/Skin/js/menuleft681a.js]
[daily.gate.vn/Skin/master_page/policy.master.js]
[daily.gate.vn/chinh-sach/javascript.html]
[daily.gate.vn/chinh-sach/chuyentien-confirm.html]
[daily.gate.vn/dia-diem-giao-dich/javascript.html]
[daily.gate.vn/dia-diem-giao-dich/chuyentien-confirm.html]
[daily.gate.vn/huong-dan/phan-phoi/meo-kinh-doanh/index.html]
[daily.gate.vn/login/index14e6.html]
[daily.gate.vn/huong-dan/phan-phoi/cau-hoi-thuong-gap/index.html]
[daily.gate.vn/huong-dan/huong-dan-chuyen-tien-mat-atm/index.html]
[dailyv2.gate.vn/Skin/images/banks/bidv.jpg]
[dailyv2.gate.vn/Skin/images/banks/img-vietcombank.jpg]
[dailyv2.gate.vn/Skin/images/banks/maritimebank.jpg]
[dailyv2.gate.vn/Skin/images/banks/TIENPHONG.jpg]
[dailyv2.gate.vn/Skin/images/banks/techcombank.jpg]
[daily.gate.vn/huong-dan/huong-dan-nap-tien-internet-banking/index.html]
[daily.gate.vn/huong-dan/tai-khoan/lay-lai-mat-khau/index.html]
[daily.gate.vn/Skin/images/huongdan/MKĐN.png]
[daily.gate.vn/Skin/images/huongdan/MKGDC2.png]
[daily.gate.vn/huong-dan/tai-khoan/doi-mat-khau/index.html]
[dailyv2.gate.vn/Skin/images/img-donga.html]
[dailyv2.gate.vn/Skin/images/img-techcombank.html]
[dailyv2.gate.vn/Skin/images/img-argribank.html]
[dailyv2.gate.vn/Skin/images/img-bidv.html]
[daily.gate.vn/nap-ggold/nap-tien-ggold-all/index.html]
[daily.gate.vn/Skin/master_page/help.master.js]
[daily.gate.vn/huong-dan/huong-dan-nap-tien-mat-unc/javascript.html]
[daily.gate.vn/huong-dan/huong-dan-nap-tien-mat-unc/chuyentien-confirm.html]
[daily.gate.vn/login/index2168.html]
[daily.gate.vn/login/index7a86.html]
[daily.gate.vn/dich-vu-thanh-toan/huong-dan-ket-noi-gach-the/javascript.html]
[daily.gate.vn/dich-vu-thanh-toan/huong-dan-ket-noi-gach-the/chuyentien-confirm.html]
[daily.gate.vn/home/cardgame/default.js]
[daily.gate.vn/the-game-online/the-gate/javascript.html]
[daily.gate.vn/the-game-online/the-gate/chuyentien-confirm.html]
[daily.gate.vn/home/rechargemobile/default.js]
[daily.gate.vn/nap-dien-thoai/nap-viettel/javascript.html]
[daily.gate.vn/nap-dien-thoai/nap-viettel/chuyentien-confirm.html]
[daily.gate.vn/home/cardmobile/default.js]
[daily.gate.vn/the-dien-thoai/the-viettel/javascript.html]
[daily.gate.vn/the-dien-thoai/the-viettel/chuyentien-confirm.html]
[daily.gate.vn/home/rechargegame/default.js]
[daily.gate.vn/nap-game-online/javascript.html]
[daily.gate.vn/nap-game-online/chuyentien-confirm.html]
[daily.gate.vn/home/rechargepostpaid/default.js]
[daily.gate.vn/dich-vu-thanh-toan/cuoc-di-dong-tra-sau/javascript.html]
[daily.gate.vn/dich-vu-thanh-toan/cuoc-di-dong-tra-sau/chuyentien-confirm.html]
[daily.gate.vn/nap-dien-thoai/nap-mobi/index.html]
[daily.gate.vn/nap-dien-thoai/nap-vietnammobile/index.html]
[daily.gate.vn/home/payment/default.js]
[daily.gate.vn/chuyen-tien-sim-da-nang/nap-anypay/javascript.html]
[daily.gate.vn/chuyen-tien-sim-da-nang/nap-anypay/chuyentien-confirm.html]
[daily.gate.vn/dieu-khoan-su-dung/javascript.html]
[daily.gate.vn/dieu-khoan-su-dung/chuyentien-confirm.html]
[daily.gate.vn/chinh-sach-bao-mat/javascript.html]
[daily.gate.vn/chinh-sach-bao-mat/chuyentien-confirm.html]
[daily.gate.vn/quen-mat-khau/javascript.html]
[daily.gate.vn/quen-mat-khau/chuyentien-confirm.html]
[daily.gate.vn/home/Popover requires tooltip.html]
[daily.gate.vn/thong-ke-tong-hop/index.html]
[daily.gate.vn/login/indexde75.html]
[daily.gate.vn/home/map/index.html]
[daily.gate.vn/nap-dien-thoai/nap-vina/index.html]
[daily.gate.vn/login/index2ac0.html]
[daily.gate.vn/home/policy/index.html]
[daily.gate.vn/home/guid/index.html]
[daily.gate.vn/huong-dan/index.html]
[daily.gate.vn/home/policy/index3f7b.html]
[daily.gate.vn/Skin/fonts/fonts/fontawesome-webfont93e3.html]
[daily.gate.vn/login/javascript.html]
[daily.gate.vn/login/chuyentien-confirm.html]
[daily.gate.vn/login/default.js]
[daily.gate.vn/login/index41cb.html]
[daily.gate.vn/home/distribution/default.js]
[connect.facebook.net/vi_VN/sdk.js]
[daily.gate.vn/phan-phoi-game/javascript.html]
[daily.gate.vn/phan-phoi-game/chuyentien-confirm.html]
[daily.gate.vn/the-game-online/the-zing-xu/javascript.html]
[daily.gate.vn/the-game-online/the-zing-xu/chuyentien-confirm.html]
[daily.gate.vn/the-game-online/the-vcoin/javascript.html]
[daily.gate.vn/the-game-online/the-vcoin/chuyentien-confirm.html]
[daily.gate.vn/the-game-online/the-ongame/javascript.html]
[daily.gate.vn/the-game-online/the-ongame/chuyentien-confirm.html]
[daily.gate.vn/the-game-online/the-garena/javascript.html]
[daily.gate.vn/the-game-online/the-garena/chuyentien-confirm.html]
[daily.gate.vn/the-dien-thoai/the-mobi/javascript.html]
[daily.gate.vn/the-dien-thoai/the-mobi/chuyentien-confirm.html]
[daily.gate.vn/the-dien-thoai/the-vina/javascript.html]
[daily.gate.vn/the-dien-thoai/the-vina/chuyentien-confirm.html]
[daily.gate.vn/the-dien-thoai/the-vietnammobile/javascript.html]
[daily.gate.vn/the-dien-thoai/the-vietnammobile/chuyentien-confirm.html]
[daily.gate.vn/the-dien-thoai/the-gmobile/javascript.html]
[daily.gate.vn/the-dien-thoai/the-gmobile/chuyentien-confirm.html]
[daily.gate.vn/home/Multi/card.js]
[daily.gate.vn/the-dien-thoai/mua-nhieu-loai-the-cao/javascript.html]
[daily.gate.vn/the-dien-thoai/mua-nhieu-loai-the-cao/chuyentien-confirm.html]
[daily.gate.vn/nap-dien-thoai-tra-truoc/javascript.html]
[daily.gate.vn/nap-dien-thoai-tra-truoc/chuyentien-confirm.html]
[daily.gate.vn/nap-dien-thoai/tra-truoc-nhieu-so/javascript.html]
[daily.gate.vn/nap-dien-thoai/tra-truoc-nhieu-so/chuyentien-confirm.html]
[daily.gate.vn/nap-game-online/nap-gate/javascript.html]
[daily.gate.vn/nap-game-online/nap-gate/chuyentien-confirm.html]
[daily.gate.vn/nap-game-online/nap-zingxu/javascript.html]
[daily.gate.vn/nap-game-online/nap-zingxu/chuyentien-confirm.html]
[daily.gate.vn/nap-game-online/nap-ongate/javascript.html]
[daily.gate.vn/nap-game-online/nap-ongate/chuyentien-confirm.html]
[daily.gate.vn/nap-game-online/nap-ongame/javascript.html]
[daily.gate.vn/nap-game-online/nap-ongame/chuyentien-confirm.html]
[daily.gate.vn/chuyen-tien-sim-da-nang/nap-mload/javascript.html]
[daily.gate.vn/chuyen-tien-sim-da-nang/nap-mload/chuyentien-confirm.html]
[daily.gate.vn/chuyen-tien-sim-da-nang/nap-eload/javascript.html]
[daily.gate.vn/chuyen-tien-sim-da-nang/nap-eload/chuyentien-confirm.html]
[daily.gate.vn/chuyen-tien-sim-da-nang/nap-ezpay/javascript.html]
[daily.gate.vn/chuyen-tien-sim-da-nang/nap-ezpay/chuyentien-confirm.html]
[daily.gate.vn/chuyen-tien-sim-da-nang/nap-mlpay/javascript.html]
[daily.gate.vn/chuyen-tien-sim-da-nang/nap-mlpay/chuyentien-confirm.html]
[daily.gate.vn/huong-dan/phan-phoi/meo-kinh-doanh/javascript.html]
[daily.gate.vn/huong-dan/phan-phoi/meo-kinh-doanh/chuyentien-confirm.html]
[daily.gate.vn/login/index14e6.html]
[daily.gate.vn/huong-dan/phan-phoi/cau-hoi-thuong-gap/javascript.html]
[daily.gate.vn/huong-dan/phan-phoi/cau-hoi-thuong-gap/chuyentien-confirm.html]
[daily.gate.vn/huong-dan/huong-dan-chuyen-tien-mat-atm/javascript.html]
[daily.gate.vn/huong-dan/huong-dan-chuyen-tien-mat-atm/chuyentien-confirm.html]
[dailyv2.gate.vn/Skin/images/banks/dongabank.html]
[dailyv2.gate.vn/Skin/images/banks/vietinbank.html]
[dailyv2.gate.vn/Skin/images/banks/agribank.html]
[dailyv2.gate.vn/Skin/images/banks/quandoibank.html]
[dailyv2.gate.vn/Skin/images/huongdan/img2.html]
[daily.gate.vn/huong-dan/huong-dan-nap-tien-internet-banking/javascript.html]
[daily.gate.vn/huong-dan/huong-dan-nap-tien-internet-banking/chuyentien-confirm.html]
[daily.gate.vn/huong-dan/tai-khoan/lay-lai-mat-khau/javascript.html]
[daily.gate.vn/huong-dan/tai-khoan/lay-lai-mat-khau/chuyentien-confirm.html]
[daily.gate.vn/huong-dan/tai-khoan/doi-mat-khau/javascript.html]
[daily.gate.vn/huong-dan/tai-khoan/doi-mat-khau/chuyentien-confirm.html]
[daily.gate.vn/login/indexde75.html]
[daily.gate.vn/login/indexbfa4.html]
[daily.gate.vn/nap-dien-thoai/nap-mobi/index.html]
[daily.gate.vn/nap-dien-thoai/nap-vina/index.html]
[daily.gate.vn/nap-dien-thoai/nap-vietnammobile/index.html]
[daily.gate.vn/nap-dien-thoai/nap-beeline/index.html]
[daily.gate.vn/login/index2ac0.html]
[daily.gate.vn/home/policy/javascript.html]
[daily.gate.vn/home/policy/chuyentien-confirm.html]
[daily.gate.vn/phan-phoi-game/HEAD.html]
[daily.gate.vn/login/indexbfa4.html]
[daily.gate.vn/phan-phoi-game/ABCDEFGHIJKLMNOPQRSTUVWXYZabcdefghijklmnopqrstuvwxyz0123456789+/index.html]
[daily.gate.vn/phan-phoi-game/^([^_/indexd41d.html]
[daily.gate.vn/restserver.html]
[daily.gate.vn/nap-dien-thoai/nap-mobi/javascript.html]
[daily.gate.vn/nap-dien-thoai/nap-mobi/chuyentien-confirm.html]
[daily.gate.vn/nap-dien-thoai/nap-vina/javascript.html]
[daily.gate.vn/nap-dien-thoai/nap-vina/chuyentien-confirm.html]
[daily.gate.vn/nap-dien-thoai/nap-vietnammobile/javascript.html]
[daily.gate.vn/nap-dien-thoai/nap-vietnammobile/chuyentien-confirm.html]
